linked : 40    main 007F
linked : 39    waitForMedia 01C0
linked : 38    parseSerialBuffer 0207
linked : 37    display_name 0272
linked : 36    clear_msg_area 0280
linked : 35    set_contrast_parser 0289
linked : 34    write_message_parser 02F3
linked : 33    write_selected_message_parser 0301
linked : 32    display_selected_message_parser 030A
linked : 31    show_token_parser 031A
linked : 30    set_power_level_parser 035C
linked : 29    set_signal_level_parser 03CB
linked : 28    showIcon 043A
linked : 27    checkArgCount 04FF
linked : 26    initScreenLayout 0510
linked : 25    clear_message_area 054C
linked : 24    write_name 055A
linked : 23    write_selected_message 0598
linked : 22    write_message 05A3
linked : 21    write_str_to_window 05AE
linked : 20    _write_str_to_window 0618
linked : 19    display_selection_text_copy 06E9
linked : 18    display_selection_text 0744
linked : 17    scroll_text_in_selection_area 0771
linked : 16    display_text_in_area 07CD
linked : 15    print_message 085F
linked : 14    text_wrap 09BE
linked : 13    clearArea 0B1D
linked : 12    displayIconAtPosition 0B55
linked : 11    initCommunication 0B6C
linked : 10    sendNAck 0BDD
linked : 9     sendAck 0C08
linked : 8     resetSerialBuffer 0C20
linked : 7     verifySerialBufferContents 0C33
linked : 6     getNextChar 0C8C
linked : 5     hasChars 0C96
linked : 4     hasNextChar 0C9F
linked : 3     getStringPtr 0CB0
linked : 2     getError 0CB9
linked : 1     setError 0CBC
