linked : 37    main 0067
linked : 36    waitForMedia 019F
linked : 35    parseSerialBuffer 01E6
linked : 34    set_contrast_parser 0251
linked : 33    write_message_parser 02BB
linked : 32    write_selected_message_parser 02C9
linked : 31    display_selected_message_parser 02D2
linked : 30    show_token_parser 02E2
linked : 29    set_power_level_parser 0324
linked : 28    set_signal_level_parser 0393
linked : 27    showIcon 0402
linked : 26    checkArgCount 04C7
linked : 25    initScreenLayout 04D8
linked : 24    write_selected_message 054D
linked : 23    write_message 0565
linked : 22    write_str_to_window 0570
linked : 21    _write_str_to_window 05C2
linked : 20    display_selection_text_copy 0686
linked : 19    display_selection_text 06E1
linked : 18    scroll_text_in_selection_area 070E
linked : 17    display_text_in_area 076A
linked : 16    print_message 07FC
linked : 15    text_wrap 0948
linked : 14    displaySplashScreen 09AE
linked : 13    clearArea 0A1C
linked : 12    displayIconAtPosition 0A54
linked : 11    initCommunication 0A6B
linked : 10    sendNAck 0ADC
linked : 9     sendAck 0B07
linked : 8     resetSerialBuffer 0B1F
linked : 7     verifySerialBufferContents 0B32
linked : 6     getNextChar 0B8B
linked : 5     hasChars 0B95
linked : 4     hasNextChar 0B9E
linked : 3     getStringPtr 0BAF
linked : 2     getError 0BB8
linked : 1     setError 0BBB
